Note: switching to '82539aa7955685f655ffd15679d46ec87f59e0f2'.

You are in 'detached HEAD' state. You can look around, make experimental
changes and commit them, and you can discard any commits you make in this
state without impacting any branches by switching back to a branch.

If you want to create a new branch to retain commits you create, you may
do so (now or later) by using -c with the switch command. Example:

  git switch -c <new-branch-name>

Or undo this operation with:

  git switch -

Turn off this advice by setting config variable advice.detachedHead to false

HEAD is now at 82539aa7 Run `gn format` on all build files
WARNING at the command-line "--args":1:249: Build argument has no effect.
is_debug=true use_partition_alloc_as_malloc=true use_allocator_shim=true shim_supports_sized_dealloc=true enable_backup_ref_ptr_support=true enable_backup_ref_ptr_slow_checks=true enable_dangling_raw_ptr_checks=true enable_ios_corruption_hardening=true raw_ptr_zero_on_construct=true raw_ptr_zero_on_move=true raw_ptr_zero_on_destruct=true
                                                                                                                                                                                                                                                        ^---
The variable "enable_ios_corruption_hardening" was set as a build argument
but never appeared in a declare_args() block in any buildfile.

To view all possible args, run "gn args --list <out_dir>"

The build continued as if that argument was unspecified.

Done. Made 15 targets from 8 files in 3ms
ninja: Entering directory `out/debug'
[1/51] CXX ../../src/partition_alloc/address_space_randomization.cc
[2/51] CXX ../../src/partition_alloc/allocation_guard.cc
[3/51] CXX ../../src/partition_alloc/dangling_raw_ptr_checks.cc
[4/51] CXX ../../src/partition_alloc/compressed_pointer.cc
[5/51] CXX ../../src/partition_alloc/address_pool_manager.cc
[6/51] CXX ../../src/partition_alloc/address_pool_manager_bitmap.cc
[7/51] CXX ../../src/partition_alloc/partition_alloc_base/cpu.cc
[8/51] LINK (static) liballocator_base.a
[9/51] CXX ../../src/partition_alloc/internal_allocator.cc
[10/51] CXX ../../src/partition_alloc/oom_callback.cc
[11/51] CXX ../../src/partition_alloc/bounds_checks.cc
[12/51] CXX ../../src/partition_alloc/memory_reclaimer.cc
[13/51] CXX ../../src/partition_alloc/in_slot_metadata.cc
[14/51] CXX ../../src/partition_alloc/intended_leak.cc
[15/51] CXX ../../src/partition_alloc/gwp_asan_support.cc
[16/51] CXX ../../src/partition_alloc/partition_address_space.cc
[17/51] CXX ../../src/partition_alloc/partition_cookie.cc
[18/51] CXX ../../src/partition_alloc/partition_freelist_entry.cc
[19/51] CXX ../../src/partition_alloc/page_allocator.cc
[20/51] CXX ../../src/partition_alloc/partition_alloc.cc
[21/51] CXX ../../src/partition_alloc/partition_bucket.cc
[22/51] CXX ../../src/partition_alloc/partition_alloc_hooks.cc
[23/51] CXX ../../src/partition_alloc/partition_stats.cc
[24/51] CXX ../../src/partition_alloc/partition_page.cc
[25/51] CXX ../../src/partition_alloc/random.cc
[26/51] CXX ../../src/partition_alloc/partition_dcheck_helper.cc
[27/51] CXX ../../src/partition_alloc/reservation_offset_table.cc
[28/51] CXX ../../src/partition_alloc/scheduler_loop_quarantine_support.cc
[29/51] CXX ../../src/partition_alloc/spinning_mutex.cc
[30/51] CXX ../../src/partition_alloc/tagging.cc
[31/51] CXX ../../src/partition_alloc/partition_root.cc
[32/51] CXX ../../src/partition_alloc/slot_start.cc
[33/51] CXX ../../src/partition_alloc/scheduler_loop_quarantine.cc
[34/51] CXX ../../src/partition_alloc/slot_address_and_size.cc
[35/51] CXX ../../src/partition_alloc/thread_isolation/pkey.cc
[36/51] CXX ../../src/partition_alloc/thread_isolation/thread_isolation.cc
[37/51] CXX ../../src/partition_alloc/thread_cache.cc
[38/51] CXX ../../src/partition_alloc/partition_tls_posix.cc
[39/51] CXX ../../src/partition_alloc/shim/allocator_shim.cc
[40/51] CXX ../../src/partition_alloc/stack/stack.cc
[41/51] LINK (static) liballocator_core.a
[42/51] CXX ../../src/partition_alloc/pointers/instance_tracer.cc
[43/51] CXX ../../src/partition_alloc/shim/allocator_shim_dispatch_to_noop_on_free.cc
[44/51] CXX ../../src/partition_alloc/pointers/realloc_protected_iterator.cc
[45/51] CXX ../../src/partition_alloc/shim/allocator_shim_default_dispatch_to_partition_alloc.cc
[46/51] LINK (static) liballocator_shim.a
[47/51] CXX ../../src/partition_alloc/pointers/raw_ptr_counting_impl_for_test.cc
[48/51] CXX ../../src/partition_alloc/extended_api.cc
[49/51] CXX ../../src/partition_alloc/pointers/raw_ptr_backup_ref_impl.cc
[50/51] LINK (static) libraw_ptr.a
[51/51] CXX ../../src/partition_alloc/partition_alloc_base/threading/platform_thread_posix_for_testing.cc
