HEAD is now at 0a045173 PA: Plumb bool showing if slot can store raw size
WARNING at the command-line "--args":1:250: Build argument has no effect.
is_debug=false use_partition_alloc_as_malloc=true use_allocator_shim=true shim_supports_sized_dealloc=true enable_backup_ref_ptr_support=true enable_backup_ref_ptr_slow_checks=true enable_dangling_raw_ptr_checks=true enable_ios_corruption_hardening=true raw_ptr_zero_on_construct=true raw_ptr_zero_on_move=true raw_ptr_zero_on_destruct=true
                                                                                                                                                                                                                                                         ^---
The variable "enable_ios_corruption_hardening" was set as a build argument
but never appeared in a declare_args() block in any buildfile.

To view all possible args, run "gn args --list <out_dir>"

The build continued as if that argument was unspecified.

Done. Made 15 targets from 8 files in 3ms
ninja: Entering directory `out/release'
[1/52] CXX ../../src/partition_alloc/address_space_randomization.cc
[2/52] CXX ../../src/partition_alloc/compressed_pointer.cc
[3/52] CXX ../../src/partition_alloc/allocation_guard.cc
[4/52] CXX ../../src/partition_alloc/dangling_raw_ptr_checks.cc
[5/52] CXX ../../src/partition_alloc/address_pool_manager.cc
[6/52] CXX ../../src/partition_alloc/partition_alloc_base/cpu.cc
[7/52] LINK (static) liballocator_base.a
[8/52] CXX ../../src/partition_alloc/address_pool_manager_bitmap.cc
[9/52] CXX ../../src/partition_alloc/in_slot_metadata.cc
[10/52] CXX ../../src/partition_alloc/oom_callback.cc
[11/52] CXX ../../src/partition_alloc/bounds_checks.cc
[12/52] CXX ../../src/partition_alloc/internal_allocator.cc
[13/52] CXX ../../src/partition_alloc/intended_leak.cc
[14/52] CXX ../../src/partition_alloc/gwp_asan_support.cc
[15/52] CXX ../../src/partition_alloc/memory_reclaimer.cc
[16/52] CXX ../../src/partition_alloc/partition_cookie.cc
[17/52] CXX ../../src/partition_alloc/page_allocator.cc
[18/52] CXX ../../src/partition_alloc/partition_address_space.cc
[19/52] CXX ../../src/partition_alloc/partition_freelist_entry.cc
[20/52] CXX ../../src/partition_alloc/partition_alloc_hooks.cc
[21/52] CXX ../../src/partition_alloc/partition_dcheck_helper.cc
[22/52] CXX ../../src/partition_alloc/partition_stats.cc
[23/52] CXX ../../src/partition_alloc/partition_page.cc
[24/52] CXX ../../src/partition_alloc/partition_alloc.cc
[25/52] CXX ../../src/partition_alloc/reservation_offset_table.cc
[26/52] CXX ../../src/partition_alloc/random.cc
[27/52] CXX ../../src/partition_alloc/partition_bucket.cc
[28/52] CXX ../../src/partition_alloc/scheduler_loop_quarantine_support.cc
[29/52] CXX ../../src/partition_alloc/spinning_mutex.cc
[30/52] CXX ../../src/partition_alloc/slot_address_and_size.cc
[31/52] CXX ../../src/partition_alloc/tagging.cc
[32/52] CXX ../../src/partition_alloc/thread_isolation/pkey.cc
[33/52] CXX ../../src/partition_alloc/slot_start.cc
[34/52] CXX ../../src/partition_alloc/thread_isolation/thread_isolation.cc
[35/52] CXX ../../src/partition_alloc/scheduler_loop_quarantine.cc
[36/52] CXX ../../src/partition_alloc/page_allocator_internals_posix.cc
[37/52] CXX ../../src/partition_alloc/stack/stack.cc
[38/52] CXX ../../src/partition_alloc/partition_tls_posix.cc
[39/52] CXX ../../src/partition_alloc/thread_cache.cc
[40/52] CXX ../../src/partition_alloc/shim/allocator_shim_dispatch_to_noop_on_free.cc
[41/52] CXX ../../src/partition_alloc/pointers/instance_tracer.cc
[42/52] CXX ../../src/partition_alloc/shim/allocator_shim.cc
[43/52] CXX ../../src/partition_alloc/shim/allocator_shim_default_dispatch_to_partition_alloc.cc
[44/52] CXX ../../src/partition_alloc/pointers/realloc_protected_iterator.cc
[45/52] CXX ../../src/partition_alloc/extended_api.cc
[46/52] CXX ../../src/partition_alloc/pointers/raw_ptr_counting_impl_for_test.cc
[47/52] CXX ../../src/partition_alloc/pointers/raw_ptr_backup_ref_impl.cc
[48/52] CXX ../../src/partition_alloc/partition_alloc_base/threading/platform_thread_posix_for_testing.cc
[49/52] CXX ../../src/partition_alloc/partition_root.cc
[50/52] LINK (static) liballocator_core.a
[51/52] LINK (static) liballocator_shim.a
[52/52] LINK (static) libraw_ptr.a
