HEAD is now at 64a11a44 partition_alloc: Replace CountrZero() with std::countr_zero()
WARNING at the command-line "--args":1:250: Build argument has no effect.
is_debug=false use_partition_alloc_as_malloc=true use_allocator_shim=true shim_supports_sized_dealloc=true enable_backup_ref_ptr_support=true enable_backup_ref_ptr_slow_checks=true enable_dangling_raw_ptr_checks=true enable_ios_corruption_hardening=true raw_ptr_zero_on_construct=true raw_ptr_zero_on_move=true raw_ptr_zero_on_destruct=true
                                                                                                                                                                                                                                                         ^---
The variable "enable_ios_corruption_hardening" was set as a build argument
but never appeared in a declare_args() block in any buildfile.

To view all possible args, run "gn args --list <out_dir>"

The build continued as if that argument was unspecified.

Done. Made 15 targets from 8 files in 4ms
ninja: Entering directory `out/release'
[1/39] CXX ../../src/partition_alloc/compressed_pointer.cc
[2/39] CXX ../../src/partition_alloc/address_pool_manager_bitmap.cc
[3/39] CXX ../../src/partition_alloc/in_slot_metadata.cc
[4/39] CXX ../../src/partition_alloc/address_pool_manager.cc
[5/39] CXX ../../src/partition_alloc/gwp_asan_support.cc
[6/39] CXX ../../src/partition_alloc/bounds_checks.cc
[7/39] CXX ../../src/partition_alloc/internal_allocator.cc
[8/39] CXX ../../src/partition_alloc/intended_leak.cc
[9/39] CXX ../../src/partition_alloc/partition_alloc_hooks.cc
[10/39] CXX ../../src/partition_alloc/memory_reclaimer.cc
[11/39] CXX ../../src/partition_alloc/partition_address_space.cc
[12/39] CXX ../../src/partition_alloc/partition_freelist_entry.cc
[13/39] CXX ../../src/partition_alloc/partition_alloc.cc
[14/39] CXX ../../src/partition_alloc/partition_stats.cc
[15/39] CXX ../../src/partition_alloc/partition_dcheck_helper.cc
[16/39] CXX ../../src/partition_alloc/partition_bucket.cc
[17/39] CXX ../../src/partition_alloc/partition_page.cc
[18/39] CXX ../../src/partition_alloc/reservation_offset_table.cc
[19/39] CXX ../../src/partition_alloc/scheduler_loop_quarantine_support.cc
[20/39] CXX ../../src/partition_alloc/scheduler_loop_quarantine.cc
[21/39] CXX ../../src/partition_alloc/slot_start.cc
[22/39] CXX ../../src/partition_alloc/thread_isolation/pkey.cc
[23/39] CXX ../../src/partition_alloc/slot_address_and_size.cc
[24/39] CXX ../../src/partition_alloc/thread_isolation/thread_isolation.cc
[25/39] CXX ../../src/partition_alloc/shim/allocator_shim.cc
[26/39] CXX ../../src/partition_alloc/stack/stack.cc
[27/39] CXX ../../src/partition_alloc/thread_cache.cc
[28/39] CXX ../../src/partition_alloc/shim/allocator_shim_dispatch_to_noop_on_free.cc
[29/39] CXX ../../src/partition_alloc/pointers/instance_tracer.cc
[30/39] CXX ../../src/partition_alloc/pointers/realloc_protected_iterator.cc
[31/39] CXX ../../src/partition_alloc/shim/allocator_shim_default_dispatch_to_partition_alloc.cc
[32/39] CXX ../../src/partition_alloc/pointers/raw_ptr_backup_ref_impl.cc
[33/39] CXX ../../src/partition_alloc/extended_api.cc
[34/39] CXX ../../src/partition_alloc/pointers/raw_ptr_counting_impl_for_test.cc
[35/39] CXX ../../src/partition_alloc/partition_alloc_base/threading/platform_thread_posix_for_testing.cc
[36/39] CXX ../../src/partition_alloc/partition_root.cc
[37/39] LINK (static) liballocator_core.a
[38/39] LINK (static) liballocator_shim.a
[39/39] LINK (static) libraw_ptr.a
