HEAD is now at ad56996f [PartitionAlloc] Order SetQuarantineRequest() before ReleaseFromAllocator()
WARNING at the command-line "--args":1:250: Build argument has no effect.
is_debug=false use_partition_alloc_as_malloc=true use_allocator_shim=true shim_supports_sized_dealloc=true enable_backup_ref_ptr_support=true enable_backup_ref_ptr_slow_checks=true enable_dangling_raw_ptr_checks=true enable_ios_corruption_hardening=true raw_ptr_zero_on_construct=true raw_ptr_zero_on_move=true raw_ptr_zero_on_destruct=true
                                                                                                                                                                                                                                                         ^---
The variable "enable_ios_corruption_hardening" was set as a build argument
but never appeared in a declare_args() block in any buildfile.

To view all possible args, run "gn args --list <out_dir>"

The build continued as if that argument was unspecified.

Done. Made 15 targets from 8 files in 4ms
ninja: Entering directory `out/release'
[1/22] CXX ../../src/partition_alloc/memory_reclaimer.cc
[2/22] CXX ../../src/partition_alloc/internal_allocator.cc
[3/22] CXX ../../src/partition_alloc/intended_leak.cc
[4/22] CXX ../../src/partition_alloc/bounds_checks.cc
[5/22] CXX ../../src/partition_alloc/gwp_asan_support.cc
[6/22] CXX ../../src/partition_alloc/in_slot_metadata.cc
[7/22] CXX ../../src/partition_alloc/partition_dcheck_helper.cc
[8/22] CXX ../../src/partition_alloc/partition_page.cc
[9/22] CXX ../../src/partition_alloc/partition_alloc.cc
[10/22] CXX ../../src/partition_alloc/partition_bucket.cc
[11/22] CXX ../../src/partition_alloc/scheduler_loop_quarantine_support.cc
[12/22] CXX ../../src/partition_alloc/slot_address_and_size.cc
[13/22] CXX ../../src/partition_alloc/slot_start.cc
[14/22] CXX ../../src/partition_alloc/scheduler_loop_quarantine.cc
[15/22] CXX ../../src/partition_alloc/stack/stack.cc
[16/22] CXX ../../src/partition_alloc/thread_cache.cc
[17/22] CXX ../../src/partition_alloc/pointers/instance_tracer.cc
[18/22] CXX ../../src/partition_alloc/pointers/realloc_protected_iterator.cc
[19/22] CXX ../../src/partition_alloc/pointers/raw_ptr_backup_ref_impl.cc
[20/22] CXX ../../src/partition_alloc/partition_root.cc
[21/22] LINK (static) liballocator_core.a
[22/22] LINK (static) libraw_ptr.a
