HEAD is now at b5214a8a PA: Remove `Settings::in_slot_metadata_size`
WARNING at the command-line "--args":1:250: Build argument has no effect.
is_debug=false use_partition_alloc_as_malloc=true use_allocator_shim=true shim_supports_sized_dealloc=true enable_backup_ref_ptr_support=true enable_backup_ref_ptr_slow_checks=true enable_dangling_raw_ptr_checks=true enable_ios_corruption_hardening=true raw_ptr_zero_on_construct=true raw_ptr_zero_on_move=true raw_ptr_zero_on_destruct=true
                                                                                                                                                                                                                                                         ^---
The variable "enable_ios_corruption_hardening" was set as a build argument
but never appeared in a declare_args() block in any buildfile.

To view all possible args, run "gn args --list <out_dir>"

The build continued as if that argument was unspecified.

Done. Made 15 targets from 8 files in 3ms
ninja: Entering directory `out/release'
[1/27] CXX ../../src/partition_alloc/bounds_checks.cc
[2/27] CXX ../../src/partition_alloc/internal_allocator.cc
[3/27] CXX ../../src/partition_alloc/memory_reclaimer.cc
[4/27] CXX ../../src/partition_alloc/in_slot_metadata.cc
[5/27] CXX ../../src/partition_alloc/gwp_asan_support.cc
[6/27] CXX ../../src/partition_alloc/intended_leak.cc
[7/27] CXX ../../src/partition_alloc/partition_alloc.cc
[8/27] CXX ../../src/partition_alloc/partition_page.cc
[9/27] CXX ../../src/partition_alloc/partition_dcheck_helper.cc
[10/27] CXX ../../src/partition_alloc/partition_bucket.cc
[11/27] CXX ../../src/partition_alloc/scheduler_loop_quarantine_support.cc
[12/27] CXX ../../src/partition_alloc/slot_address_and_size.cc
[13/27] CXX ../../src/partition_alloc/slot_start.cc
[14/27] CXX ../../src/partition_alloc/stack/stack.cc
[15/27] CXX ../../src/partition_alloc/scheduler_loop_quarantine.cc
[16/27] CXX ../../src/partition_alloc/shim/allocator_shim.cc
[17/27] CXX ../../src/partition_alloc/thread_cache.cc
[18/27] CXX ../../src/partition_alloc/pointers/instance_tracer.cc
[19/27] CXX ../../src/partition_alloc/shim/allocator_shim_default_dispatch_to_partition_alloc.cc
[20/27] CXX ../../src/partition_alloc/pointers/raw_ptr_backup_ref_impl.cc
[21/27] CXX ../../src/partition_alloc/extended_api.cc
[22/27] CXX ../../src/partition_alloc/pointers/realloc_protected_iterator.cc
[23/27] CXX ../../src/partition_alloc/partition_alloc_base/threading/platform_thread_posix_for_testing.cc
[24/27] CXX ../../src/partition_alloc/partition_root.cc
[25/27] LINK (static) liballocator_core.a
[26/27] LINK (static) liballocator_shim.a
[27/27] LINK (static) libraw_ptr.a
